[setup] load drivers/GFED
trials 600 runtime_min 2.0064286867777508
{
  "family": "wet_canopy_plus_two_threshold_arid_fuel_continuity",
  "name": "p2f3_seed_current",
  "search": "seeded from continued hypothesis, emitted for official evaluation",
  "fast_score": {
    "bias": 0.7204015741832495,
    "rmse": 0.38236041783738817,
    "seas": 0.8532749550914095,
    "spatial": 0.764608451887071,
    "overall": 0.6372345651699592
  },
  "params": {
    "wet_amp": 0.8844066447148519,
    "wet_k": 0.03746225268483959,
    "wet_c": 1733.7962048788854,
    "ratio_p0": 10.550923117584711,
    "arid_amp1": 0.09765875631019073,
    "arid_k1": 8.862392037192233,
    "arid_c1": 0.8190773026156323,
    "arid_amp2": 0.872802820380493,
    "arid_k2": 1.2991349033470558,
    "arid_c2": 5.00184048998816
  },
  "base_params": {
    "k1": 0.02128012643297453,
    "D_low": 33.107928264466416,
    "k2": 0.0032479995010666245,
    "D_high": 3020.3711370643746,
    "fire_exp": 0.5746291131439772,
    "P_half": 3.1845074798114754,
    "pre_dampen_half": 5.714386941567207,
    "gpp_af": 0.4621796973523708,
    "gpp_b": 5.190713720036356e-05,
    "gpp_d": 128.62113841235993,
    "ign_k": 0.8146117322506592,
    "ign_c": 20.126441845162326
  },
  "constraint_note": "one global formula using P_ann and Dbar-derived deficit ratio; no region/lat/cell routing"
}
{
  "family": "wet_canopy_plus_two_threshold_arid_fuel_continuity",
  "name": "p2f3_optuna600_current",
  "search": "600-trial Optuna refinement in current workspace",
  "fast_score": {
    "bias": 0.7204572843698576,
    "rmse": 0.3830907050518789,
    "seas": 0.8535035920286528,
    "spatial": 0.7632584261105435,
    "overall": 0.6373096661637782
  },
  "params": {
    "wet_amp": 0.9499238646813576,
    "wet_k": 0.014331529615941696,
    "wet_c": 1827.49224805397,
    "ratio_p0": 10.495254529185525,
    "arid_amp1": 0.18843904863168287,
    "arid_k1": 5.687800633559111,
    "arid_c1": 1.0098319745854232,
    "arid_amp2": 0.7662959655670903,
    "arid_k2": 1.8837608455604578,
    "arid_c2": 4.353078145857463
  },
  "base_params": {
    "k1": 0.02128012643297453,
    "D_low": 33.107928264466416,
    "k2": 0.0032479995010666245,
    "D_high": 3020.3711370643746,
    "fire_exp": 0.5746291131439772,
    "P_half": 3.1845074798114754,
    "pre_dampen_half": 5.714386941567207,
    "gpp_af": 0.4621796973523708,
    "gpp_b": 5.190713720036356e-05,
    "gpp_d": 128.62113841235993,
    "ign_k": 0.8146117322506592,
    "ign_c": 20.126441845162326
  },
  "constraint_note": "one global formula using P_ann and Dbar-derived deficit ratio; no region/lat/cell routing"
}
{
  "family": "wet_canopy_plus_two_threshold_arid_fuel_continuity",
  "name": "p2f3_ablate_no_low_current",
  "search": "ablation: remove low/soft arid threshold",
  "fast_score": {
    "bias": 0.719669875543595,
    "rmse": 0.3813554990024847,
    "seas": 0.8497556344113724,
    "spatial": 0.7674677737920315,
    "overall": 0.6365456928825939
  },
  "params": {
    "wet_amp": 0.8844066447148519,
    "wet_k": 0.03746225268483959,
    "wet_c": 1733.7962048788854,
    "ratio_p0": 10.550923117584711,
    "arid_amp1": 0.0,
    "arid_k1": 8.862392037192233,
    "arid_c1": 0.8190773026156323,
    "arid_amp2": 0.872802820380493,
    "arid_k2": 1.2991349033470558,
    "arid_c2": 5.00184048998816
  },
  "base_params": {
    "k1": 0.02128012643297453,
    "D_low": 33.107928264466416,
    "k2": 0.0032479995010666245,
    "D_high": 3020.3711370643746,
    "fire_exp": 0.5746291131439772,
    "P_half": 3.1845074798114754,
    "pre_dampen_half": 5.714386941567207,
    "gpp_af": 0.4621796973523708,
    "gpp_b": 5.190713720036356e-05,
    "gpp_d": 128.62113841235993,
    "ign_k": 0.8146117322506592,
    "ign_c": 20.126441845162326
  },
  "constraint_note": "one global formula using P_ann and Dbar-derived deficit ratio; no region/lat/cell routing"
}
{
  "family": "wet_canopy_plus_two_threshold_arid_fuel_continuity",
  "name": "p2f3_ablate_no_high_current",
  "search": "ablation: remove high/desert arid threshold",
  "fast_score": {
    "bias": 0.7178743824330822,
    "rmse": 0.3811617168355003,
    "seas": 0.8554755561668226,
    "spatial": 0.76044783059102,
    "overall": 0.6356659308825013
  },
  "params": {
    "wet_amp": 0.8844066447148519,
    "wet_k": 0.03746225268483959,
    "wet_c": 1733.7962048788854,
    "ratio_p0": 10.550923117584711,
    "arid_amp1": 0.09765875631019073,
    "arid_k1": 8.862392037192233,
    "arid_c1": 0.8190773026156323,
    "arid_amp2": 0.0,
    "arid_k2": 1.2991349033470558,
    "arid_c2": 5.00184048998816
  },
  "base_params": {
    "k1": 0.02128012643297453,
    "D_low": 33.107928264466416,
    "k2": 0.0032479995010666245,
    "D_high": 3020.3711370643746,
    "fire_exp": 0.5746291131439772,
    "P_half": 3.1845074798114754,
    "pre_dampen_half": 5.714386941567207,
    "gpp_af": 0.4621796973523708,
    "gpp_b": 5.190713720036356e-05,
    "gpp_d": 128.62113841235993,
    "ign_k": 0.8146117322506592,
    "ign_c": 20.126441845162326
  },
  "constraint_note": "one global formula using P_ann and Dbar-derived deficit ratio; no region/lat/cell routing"
}
